
/home/runner/work/exp-nrf-management-dei/exp-nrf-management-dei/experiment/simulation/js/app.js
  51:32  warning  'DataStore' is not defined          no-undef
  54:32  warning  'LogEngine' is not defined          no-undef
  57:34  warning  'NRFRegistry' is not defined        no-undef
  60:32  warning  'NFManager' is not defined          no-undef
  63:40  warning  'ConnectionManager' is not defined  no-undef
  66:33  warning  'BusManager' is not defined         no-undef
  69:34  warning  'PingManager' is not defined        no-undef
  72:37  warning  'CanvasRenderer' is not defined     no-undef
  75:35  warning  'UIController' is not defined       no-undef

/home/runner/work/exp-nrf-management-dei/exp-nrf-management-dei/experiment/simulation/js/bus-manager.js
  8:7  warning  'BusManager' is defined but never used  no-unused-vars

/home/runner/work/exp-nrf-management-dei/exp-nrf-management-dei/experiment/simulation/js/canvas-renderer.js
   15:7   warning  'CanvasRenderer' is defined but never used  no-unused-vars
  623:19  warning  'e' is defined but never used               no-unused-vars

/home/runner/work/exp-nrf-management-dei/exp-nrf-management-dei/experiment/simulation/js/connection-manager.js
  15:7  warning  'ConnectionManager' is defined but never used  no-unused-vars

/home/runner/work/exp-nrf-management-dei/exp-nrf-management-dei/experiment/simulation/js/data-store.js
  15:7  warning  'DataStore' is defined but never used  no-unused-vars

/home/runner/work/exp-nrf-management-dei/exp-nrf-management-dei/experiment/simulation/js/deployment-manager.js
  340:33  warning  'nfConfig' is defined but never used          no-unused-vars
  407:17  warning  Unexpected lexical declaration in case block  no-case-declarations
  443:17  warning  Unexpected lexical declaration in case block  no-case-declarations
  500:17  warning  Unexpected lexical declaration in case block  no-case-declarations
  518:17  warning  Unexpected lexical declaration in case block  no-case-declarations
  544:17  warning  Unexpected lexical declaration in case block  no-case-declarations
  568:17  warning  Unexpected lexical declaration in case block  no-case-declarations
  569:17  warning  Unexpected lexical declaration in case block  no-case-declarations
  570:17  warning  Unexpected lexical declaration in case block  no-case-declarations
  612:17  warning  Unexpected lexical declaration in case block  no-case-declarations
  636:17  warning  Unexpected lexical declaration in case block  no-case-declarations

/home/runner/work/exp-nrf-management-dei/exp-nrf-management-dei/experiment/simulation/js/docker-compose-content.js
  2:7  warning  'DOCKER_COMPOSE_CONTENT' is assigned a value but never used  no-unused-vars

/home/runner/work/exp-nrf-management-dei/exp-nrf-management-dei/experiment/simulation/js/docker.js
   677:15  warning  'dateStr' is assigned a value but never used         no-unused-vars
   678:15  warning  'timeStr' is assigned a value but never used         no-unused-vars
   685:33  warning  'output' is defined but never used                   no-unused-vars
   686:27  warning  'DOCKER_COMPOSE_CONTENT' is not defined              no-undef
   980:15  warning  'totalNFs' is assigned a value but never used        no-unused-vars
   981:15  warning  'alreadyRunning' is assigned a value but never used  no-unused-vars
  1199:15  warning  'ueTypes' is assigned a value but never used         no-unused-vars
  1485:29  warning  'index' is defined but never used                    no-unused-vars
  1734:23  warning  'mapped' is assigned a value but never used          no-unused-vars
  2244:25  warning  'terminalModal' is defined but never used            no-unused-vars

/home/runner/work/exp-nrf-management-dei/exp-nrf-management-dei/experiment/simulation/js/log-engine.js
   15:7   warning  'LogEngine' is defined but never used                 no-unused-vars
  509:15  warning  'ranUENGAPId' is assigned a value but never used      no-unused-vars
  510:15  warning  'amfUENGAPId' is assigned a value but never used      no-unused-vars
  659:15  warning  'teidGNB' is assigned a value but never used          no-unused-vars
  660:15  warning  'teidUPF' is assigned a value but never used          no-unused-vars
  661:15  warning  'sequenceNum' is assigned a value but never used      no-unused-vars
  717:19  warning  'totalThroughput' is assigned a value but never used  no-unused-vars

/home/runner/work/exp-nrf-management-dei/exp-nrf-management-dei/experiment/simulation/js/nf-manager.js
  15:7  warning  'NFManager' is defined but never used  no-unused-vars

/home/runner/work/exp-nrf-management-dei/exp-nrf-management-dei/experiment/simulation/js/nrf-registry.js
   17:7   warning  'NRFRegistry' is defined but never used   no-unused-vars
  300:41  warning  'nfInstanceId' is defined but never used  no-unused-vars

/home/runner/work/exp-nrf-management-dei/exp-nrf-management-dei/experiment/simulation/js/ping-manager.js
   14:7   warning  'PingManager' is defined but never used      no-unused-vars
  545:21  warning  'pingId' is assigned a value but never used  no-unused-vars

/home/runner/work/exp-nrf-management-dei/exp-nrf-management-dei/experiment/simulation/js/ui-controller.js
    16:7   warning  'UIController' is defined but never used            no-unused-vars
   343:48  warning  'data' is defined but never used                    no-unused-vars
   743:15  warning  'nfDef' is assigned a value but never used          no-unused-vars
   747:15  warning  'defaultName' is assigned a value but never used    no-unused-vars
  1507:36  warning  'nfType' is defined but never used                  no-unused-vars
  2720:23  warning  'endsWithSpace' is assigned a value but never used  no-unused-vars
  2721:23  warning  'tokens' is assigned a value but never used         no-unused-vars
  2766:15  warning  'args' is assigned a value but never used           no-unused-vars
  3751:15  warning  'portNum' is assigned a value but never used        no-unused-vars
  3766:15  warning  'cmd' is assigned a value but never used            no-unused-vars
  4072:5   warning  Duplicate name 'delay'                              no-dupe-class-members
  4399:34  warning  'index' is defined but never used                   no-unused-vars
  4416:34  warning  'index' is defined but never used                   no-unused-vars
  4490:34  warning  'index' is defined but never used                   no-unused-vars
  4507:34  warning  'index' is defined but never used                   no-unused-vars

✖ 63 problems (0 errors, 63 warnings)

